// Jest Snapshot v1, https://goo.gl/fbAQLP

exports[`Avatar matches snapshot 1`] = `
<figure
  className="avatar"
>
  <img
    alt="Kivlor"
    src="test-file-stub"
  />
</figure>
`;
