// Jest Snapshot v1, https://goo.gl/fbAQLP

exports[`Bio matches snapshot 1`] = `
<section
  className="bio"
>
  <p>
    Andrew Gallagher, 
    <em>
      aka
    </em>
     Kivlor.
  </p>
  <p>
    Maker, Coder, Tourist, Geek.
  </p>
</section>
`;
